// Jest Snapshot v1, https://goo.gl/fbAQLP

exports[`ThemedText renders correctly 1`] = `
<div
  className="css-text-146c3p1 r-fontSize-ubezar r-lineHeight-135wba7"
  dir="auto"
  style={
    {
      "color": "rgba(17,24,28,1.00)",
    }
  }
>
  Snapshot test!
</div>
`;

exports[`renders correctly 1`] = `
<Text
  style={
    [
      {
        "color": "#11181C",
      },
      {
        "fontSize": 16,
        "lineHeight": 24,
      },
      undefined,
      undefined,
      undefined,
      undefined,
      undefined,
    ]
  }
>
  Snapshot test!
</Text>
`;
